GDTEST_OK
>> WARNING
>> Line: 149
>> CONFUSABLE_LOCAL_DECLARATION
>> The variable "a_objects" is declared below in the parent block.
ok
