GDTEST_ANALYZER_ERROR
The member "V" already exists in base class "A".
