GDTEST_ANALYZER_ERROR
Static assertion failed: Custom message.
