GDTEST_ANALYZER_ERROR
Invalid operands to operator +, String and Array.
