GDTEST_ANALYZER_ERROR
Invalid operands to operator +, Dictionary and Dictionary.
