GDTEST_ANALYZER_ERROR
The member "script" already exists in base class "Node".
