GDTEST_ANALYZER_ERROR
The rest parameter type must be "Array", but "Array[int]" is specified.
