GDTEST_ANALYZER_ERROR
The member "overload_me" already exists in base class "A".
