GDTEST_RUNTIME_ERROR
>> ERROR
>> Method/function failed.
>> Unable to convert array index 0 from "RefCounted (GlobalClass2)" to "RefCounted (GlobalClass1)".
not ok
