GDTEST_OK
true
true
true
true
true
true
["string", "split", "by", "null"]
true
string\0split\0by\0null
true
Unicode parsing error: ASCII treats NUL as termination, truncating result.
[115, 116, 114, 105, 110, 103]
true
[115, 116, 114, 105, 110, 103, 0, 115, 112, 108, 105, 116, 0, 98, 121, 0, 110, 117, 108, 108]
true
[115, 0, 116, 0, 114, 0, 105, 0, 110, 0, 103, 0, 0, 0, 115, 0, 112, 0, 108, 0, 105, 0, 116, 0, 0, 0, 98, 0, 121, 0, 0, 0, 110, 0, 117, 0, 108, 0, 108, 0]
true
[115, 0, 0, 0, 116, 0, 0, 0, 114, 0, 0, 0, 105, 0, 0, 0, 110, 0, 0, 0, 103, 0, 0, 0, 0, 0, 0, 0, 115, 0, 0, 0, 112, 0, 0, 0, 108, 0, 0, 0, 105, 0, 0, 0, 116, 0, 0, 0, 0, 0, 0, 0, 98, 0, 0, 0, 121, 0, 0, 0, 0, 0, 0, 0, 110, 0, 0, 0, 117, 0, 0, 0, 108, 0, 0, 0, 108, 0, 0, 0]
true
true
true
