GDTEST_OK
>> WARNING
>> Line: 6
>> NARROWING_CONVERSION
>> Narrowing conversion (float is converted to int and loses precision). If this is intended, cast the float to an integer: "int(x)".
>> WARNING
>> Line: 8
>> NARROWING_CONVERSION
>> Narrowing conversion (float is converted to int and loses precision). If this is intended, cast the float to an integer: "int(x)".
2
2
2
